// Jest Snapshot v1, https://goo.gl/fbAQLP

exports[`login redirect should redirect to login 1`] = `"https://github.com/login/oauth/authorize?client_id=test_client_id&redirect_uri=&scope=user%20repo"`;

exports[`should create file 1`] = `
[MockFunction] {
  "calls": Array [
    Array [
      undefined,
      ".github/workflows/repo-sync.yml",
      "<yaml-body>",
      "Creating .github/workflows/repo-sync.yml",
      Object {
        "committer": Object {
          "email": "committer@example.com",
          "name": "Committer Name",
        },
      },
    ],
  ],
  "results": Array [
    Object {
      "type": "return",
      "value": Promise {},
    },
  ],
}
`;

exports[`should create file 2`] = `
Object {
  "data": Object {
    "content": Object {
      "html_url": "https://github.com/commit-url",
    },
  },
}
`;

exports[`should fail to create file when repo is missing 1`] = `[Error: Failed to create file]`;

exports[`should fail when getting repos without token 1`] = `[Error: Failed to get repos]`;

exports[`should get repos with token 1`] = `undefined`;

exports[`should get token with code: testtoken 1`] = `"testtoken"`;
